// Jest Snapshot v1, https://goo.gl/fbAQLP

exports[`./Issues.vue Displayed issues correctly with query data 1`] = `
<div>
  <section
    id="select-issue"
  >
    <selectissue-stub
      user="[object Object]"
    />
  </section>
   
  <div>
    <eachissue-stub
      iss="[object Object]"
    />
  </div>
</div>
`;
