// Jest Snapshot v1, https://goo.gl/fbAQLP

exports[`Displayed user correctly with query data displayed information query data correctly 1`] = `
<section
  id="user"
>
  <div
    class="userClass"
  >
    <img
      alt=""
      height="370px"
      src="https://avatars0.githubusercontent.com/u/39560661?v=4"
      width="350"
    />
     
    <p>
      Working
    </p>
  </div>
   
  <p
    id="userName"
  >
     Diana
  </p>
   
  <p
    id="userEmail"
  >
     carrillorivera.diana@gmail.com
  </p>
   
  <p>
     Bio: Coder, psychologist, catlover
  </p>
</section>
`;

exports[`Displayed user correctly with query data has a query 1`] = `
<section id="user">
  <div class="userClass"><img alt="" width="350" height="370px">
    <p></p>
  </div>
  <p id="userName"> </p>
  <p id="userEmail"> </p>
  <p> Bio: </p>
</section>
`;
